// Jest Snapshot v1, https://goo.gl/fbAQLP

exports[`>>>> Button ++++ Snapshot Button 1`] = `
<button
  id="Button"
  onClick={[MockFunction]}
  type="submit"
>
  PROCEED TO CHECKOUT
</button>
`;
